// Jest Snapshot v1, https://goo.gl/fbAQLP

exports[`CText matches snapshot 1`] = `
<Text
  style={
    [
      {
        "fontFamily": "Poppins_400Regular",
      },
      undefined,
    ]
  }
>
  Test
</Text>
`;
